name 'db_connection' is not defined
name 'db_connection' is not defined
name 'db_connection' is not defined
name 'db_connection' is not defined
name 'db_connection' is not defined
name 'db_connection' is not defined
Unread result found
Unread result found
Unread result found
Unread result found
Unread result found
min() arg is an empty sequence
min() arg is an empty sequence
min() arg is an empty sequence
min() arg is an empty sequence
min() arg is an empty sequence
min() arg is an empty sequence
min() arg is an empty sequence
min() arg is an empty sequence
min() arg is an empty sequence
min() arg is an empty sequence
min() arg is an empty sequence
min() arg is an empty sequence
min() arg is an empty sequence
min() arg is an empty sequence
name 'X' is not defined
name 'X' is not defined
name 'X' is not defined
name 'X' is not defined
name 'X' is not defined
name 'X' is not defined
name 'X' is not defined
name 'X' is not defined
name 'X' is not defined
name 'X' is not defined
min() arg is an empty sequence
local variable 'data' referenced before assignment
local variable 'data' referenced before assignment
local variable 'data' referenced before assignment
local variable 'data' referenced before assignment
local variable 'data' referenced before assignment
local variable 'data' referenced before assignment
local variable 'data' referenced before assignment
local variable 'data' referenced before assignment
local variable 'data' referenced before assignment
local variable 'data' referenced before assignment
local variable 'data' referenced before assignment
